// Jest Snapshot v1, https://goo.gl/fbAQLP

exports[`components/CardBoard always renders 25 cards in 5 rows 1`] = `
<div
  class="card-board"
>
  <div
    class="row"
  >
    <card-stub
      cardid="0"
    />
    <card-stub
      cardid="1"
    />
    <card-stub
      cardid="2"
    />
    <card-stub
      cardid="3"
    />
    <card-stub
      cardid="4"
    />
  </div>
  <div
    class="row"
  >
    <card-stub
      cardid="5"
    />
    <card-stub
      cardid="6"
    />
    <card-stub
      cardid="7"
    />
    <card-stub
      cardid="8"
    />
    <card-stub
      cardid="9"
    />
  </div>
  <div
    class="row"
  >
    <card-stub
      cardid="10"
    />
    <card-stub
      cardid="11"
    />
    <card-stub
      cardid="12"
    />
    <card-stub
      cardid="13"
    />
    <card-stub
      cardid="14"
    />
  </div>
  <div
    class="row"
  >
    <card-stub
      cardid="15"
    />
    <card-stub
      cardid="16"
    />
    <card-stub
      cardid="17"
    />
    <card-stub
      cardid="18"
    />
    <card-stub
      cardid="19"
    />
  </div>
  <div
    class="row"
  >
    <card-stub
      cardid="20"
    />
    <card-stub
      cardid="21"
    />
    <card-stub
      cardid="22"
    />
    <card-stub
      cardid="23"
    />
    <card-stub
      cardid="24"
    />
  </div>
</div>
`;
